1756180345678|0|statement|connection 125|url jdbc:h2:mem:97f5bfa5-86bf-4aaa-85b2-e4d1768438e4|drop table if exists chat_room cascade |drop table if exists chat_room cascade 
1756180345679|0|statement|connection 125|url jdbc:h2:mem:97f5bfa5-86bf-4aaa-85b2-e4d1768438e4|drop table if exists club cascade |drop table if exists club cascade 
1756180345679|0|statement|connection 125|url jdbc:h2:mem:97f5bfa5-86bf-4aaa-85b2-e4d1768438e4|drop table if exists club_like cascade |drop table if exists club_like cascade 
1756180345679|0|statement|connection 125|url jdbc:h2:mem:97f5bfa5-86bf-4aaa-85b2-e4d1768438e4|drop table if exists feed cascade |drop table if exists feed cascade 
1756180345679|0|statement|connection 125|url jdbc:h2:mem:97f5bfa5-86bf-4aaa-85b2-e4d1768438e4|drop table if exists feed_comment cascade |drop table if exists feed_comment cascade 
1756180345680|0|statement|connection 125|url jdbc:h2:mem:97f5bfa5-86bf-4aaa-85b2-e4d1768438e4|drop table if exists feed_image cascade |drop table if exists feed_image cascade 
1756180345680|0|statement|connection 125|url jdbc:h2:mem:97f5bfa5-86bf-4aaa-85b2-e4d1768438e4|drop table if exists feed_like cascade |drop table if exists feed_like cascade 
1756180345680|0|statement|connection 125|url jdbc:h2:mem:97f5bfa5-86bf-4aaa-85b2-e4d1768438e4|drop table if exists interest cascade |drop table if exists interest cascade 
1756180345680|0|statement|connection 125|url jdbc:h2:mem:97f5bfa5-86bf-4aaa-85b2-e4d1768438e4|drop table if exists message cascade |drop table if exists message cascade 
1756180345680|0|statement|connection 125|url jdbc:h2:mem:97f5bfa5-86bf-4aaa-85b2-e4d1768438e4|drop table if exists notification cascade |drop table if exists notification cascade 
1756180345680|0|statement|connection 125|url jdbc:h2:mem:97f5bfa5-86bf-4aaa-85b2-e4d1768438e4|drop table if exists notification_type cascade |drop table if exists notification_type cascade 
1756180345680|0|statement|connection 125|url jdbc:h2:mem:97f5bfa5-86bf-4aaa-85b2-e4d1768438e4|drop table if exists payment cascade |drop table if exists payment cascade 
1756180345680|0|statement|connection 125|url jdbc:h2:mem:97f5bfa5-86bf-4aaa-85b2-e4d1768438e4|drop table if exists schedule cascade |drop table if exists schedule cascade 
1756180345681|0|statement|connection 125|url jdbc:h2:mem:97f5bfa5-86bf-4aaa-85b2-e4d1768438e4|drop table if exists settlement cascade |drop table if exists settlement cascade 
1756180345681|0|statement|connection 125|url jdbc:h2:mem:97f5bfa5-86bf-4aaa-85b2-e4d1768438e4|drop table if exists transfer cascade |drop table if exists transfer cascade 
1756180345681|0|statement|connection 125|url jdbc:h2:mem:97f5bfa5-86bf-4aaa-85b2-e4d1768438e4|drop table if exists "user" cascade |drop table if exists "user" cascade 
1756180345681|0|statement|connection 125|url jdbc:h2:mem:97f5bfa5-86bf-4aaa-85b2-e4d1768438e4|drop table if exists user_chat_room cascade |drop table if exists user_chat_room cascade 
1756180345681|0|statement|connection 125|url jdbc:h2:mem:97f5bfa5-86bf-4aaa-85b2-e4d1768438e4|drop table if exists user_club cascade |drop table if exists user_club cascade 
1756180345681|0|statement|connection 125|url jdbc:h2:mem:97f5bfa5-86bf-4aaa-85b2-e4d1768438e4|drop table if exists user_schedule cascade |drop table if exists user_schedule cascade 
1756180345681|0|statement|connection 125|url jdbc:h2:mem:97f5bfa5-86bf-4aaa-85b2-e4d1768438e4|drop table if exists user_settlement cascade |drop table if exists user_settlement cascade 
1756180345681|0|statement|connection 125|url jdbc:h2:mem:97f5bfa5-86bf-4aaa-85b2-e4d1768438e4|drop table if exists user_interest cascade |drop table if exists user_interest cascade 
1756180345681|0|statement|connection 125|url jdbc:h2:mem:97f5bfa5-86bf-4aaa-85b2-e4d1768438e4|drop table if exists wallet cascade |drop table if exists wallet cascade 
1756180345682|0|statement|connection 125|url jdbc:h2:mem:97f5bfa5-86bf-4aaa-85b2-e4d1768438e4|drop table if exists wallet_transaction cascade |drop table if exists wallet_transaction cascade 
1756273267128|0|statement|connection 89|url jdbc:h2:mem:9b9296d7-4614-4968-b872-8cbffb8bb502|drop table if exists chat_room cascade |drop table if exists chat_room cascade 
1756273267129|0|statement|connection 89|url jdbc:h2:mem:9b9296d7-4614-4968-b872-8cbffb8bb502|drop table if exists club cascade |drop table if exists club cascade 
1756273267130|0|statement|connection 89|url jdbc:h2:mem:9b9296d7-4614-4968-b872-8cbffb8bb502|drop table if exists club_like cascade |drop table if exists club_like cascade 
1756273267130|0|statement|connection 89|url jdbc:h2:mem:9b9296d7-4614-4968-b872-8cbffb8bb502|drop table if exists feed cascade |drop table if exists feed cascade 
1756273267130|0|statement|connection 89|url jdbc:h2:mem:9b9296d7-4614-4968-b872-8cbffb8bb502|drop table if exists feed_comment cascade |drop table if exists feed_comment cascade 
1756273267130|0|statement|connection 89|url jdbc:h2:mem:9b9296d7-4614-4968-b872-8cbffb8bb502|drop table if exists feed_image cascade |drop table if exists feed_image cascade 
1756273267130|0|statement|connection 89|url jdbc:h2:mem:9b9296d7-4614-4968-b872-8cbffb8bb502|drop table if exists feed_like cascade |drop table if exists feed_like cascade 
1756273267130|0|statement|connection 89|url jdbc:h2:mem:9b9296d7-4614-4968-b872-8cbffb8bb502|drop table if exists interest cascade |drop table if exists interest cascade 
1756273267131|0|statement|connection 89|url jdbc:h2:mem:9b9296d7-4614-4968-b872-8cbffb8bb502|drop table if exists message cascade |drop table if exists message cascade 
1756273267131|0|statement|connection 89|url jdbc:h2:mem:9b9296d7-4614-4968-b872-8cbffb8bb502|drop table if exists notification cascade |drop table if exists notification cascade 
1756273267131|0|statement|connection 89|url jdbc:h2:mem:9b9296d7-4614-4968-b872-8cbffb8bb502|drop table if exists notification_type cascade |drop table if exists notification_type cascade 
1756273267131|0|statement|connection 89|url jdbc:h2:mem:9b9296d7-4614-4968-b872-8cbffb8bb502|drop table if exists payment cascade |drop table if exists payment cascade 
1756273267131|0|statement|connection 89|url jdbc:h2:mem:9b9296d7-4614-4968-b872-8cbffb8bb502|drop table if exists schedule cascade |drop table if exists schedule cascade 
1756273267131|0|statement|connection 89|url jdbc:h2:mem:9b9296d7-4614-4968-b872-8cbffb8bb502|drop table if exists settlement cascade |drop table if exists settlement cascade 
1756273267132|0|statement|connection 89|url jdbc:h2:mem:9b9296d7-4614-4968-b872-8cbffb8bb502|drop table if exists transfer cascade |drop table if exists transfer cascade 
1756273267132|0|statement|connection 89|url jdbc:h2:mem:9b9296d7-4614-4968-b872-8cbffb8bb502|drop table if exists "user" cascade |drop table if exists "user" cascade 
1756273267132|0|statement|connection 89|url jdbc:h2:mem:9b9296d7-4614-4968-b872-8cbffb8bb502|drop table if exists user_chat_room cascade |drop table if exists user_chat_room cascade 
1756273267132|0|statement|connection 89|url jdbc:h2:mem:9b9296d7-4614-4968-b872-8cbffb8bb502|drop table if exists user_club cascade |drop table if exists user_club cascade 
1756273267132|0|statement|connection 89|url jdbc:h2:mem:9b9296d7-4614-4968-b872-8cbffb8bb502|drop table if exists user_schedule cascade |drop table if exists user_schedule cascade 
1756273267132|0|statement|connection 89|url jdbc:h2:mem:9b9296d7-4614-4968-b872-8cbffb8bb502|drop table if exists user_settlement cascade |drop table if exists user_settlement cascade 
1756273267132|0|statement|connection 89|url jdbc:h2:mem:9b9296d7-4614-4968-b872-8cbffb8bb502|drop table if exists user_interest cascade |drop table if exists user_interest cascade 
1756273267132|0|statement|connection 89|url jdbc:h2:mem:9b9296d7-4614-4968-b872-8cbffb8bb502|drop table if exists wallet cascade |drop table if exists wallet cascade 
1756273267133|0|statement|connection 89|url jdbc:h2:mem:9b9296d7-4614-4968-b872-8cbffb8bb502|drop table if exists wallet_transaction cascade |drop table if exists wallet_transaction cascade 
1756274316364|1|statement|connection 89|url jdbc:h2:mem:b94fae5c-144e-4e51-b1e2-21812e18b821|drop table if exists chat_room cascade |drop table if exists chat_room cascade 
1756274316366|0|statement|connection 89|url jdbc:h2:mem:b94fae5c-144e-4e51-b1e2-21812e18b821|drop table if exists club cascade |drop table if exists club cascade 
1756274316366|0|statement|connection 89|url jdbc:h2:mem:b94fae5c-144e-4e51-b1e2-21812e18b821|drop table if exists club_like cascade |drop table if exists club_like cascade 
1756274316366|0|statement|connection 89|url jdbc:h2:mem:b94fae5c-144e-4e51-b1e2-21812e18b821|drop table if exists feed cascade |drop table if exists feed cascade 
1756274316367|0|statement|connection 89|url jdbc:h2:mem:b94fae5c-144e-4e51-b1e2-21812e18b821|drop table if exists feed_comment cascade |drop table if exists feed_comment cascade 
1756274316367|0|statement|connection 89|url jdbc:h2:mem:b94fae5c-144e-4e51-b1e2-21812e18b821|drop table if exists feed_image cascade |drop table if exists feed_image cascade 
1756274316367|0|statement|connection 89|url jdbc:h2:mem:b94fae5c-144e-4e51-b1e2-21812e18b821|drop table if exists feed_like cascade |drop table if exists feed_like cascade 
1756274316367|0|statement|connection 89|url jdbc:h2:mem:b94fae5c-144e-4e51-b1e2-21812e18b821|drop table if exists interest cascade |drop table if exists interest cascade 
1756274316367|0|statement|connection 89|url jdbc:h2:mem:b94fae5c-144e-4e51-b1e2-21812e18b821|drop table if exists message cascade |drop table if exists message cascade 
1756274316368|0|statement|connection 89|url jdbc:h2:mem:b94fae5c-144e-4e51-b1e2-21812e18b821|drop table if exists notification cascade |drop table if exists notification cascade 
1756274316368|0|statement|connection 89|url jdbc:h2:mem:b94fae5c-144e-4e51-b1e2-21812e18b821|drop table if exists notification_type cascade |drop table if exists notification_type cascade 
1756274316369|0|statement|connection 89|url jdbc:h2:mem:b94fae5c-144e-4e51-b1e2-21812e18b821|drop table if exists payment cascade |drop table if exists payment cascade 
1756274316369|0|statement|connection 89|url jdbc:h2:mem:b94fae5c-144e-4e51-b1e2-21812e18b821|drop table if exists schedule cascade |drop table if exists schedule cascade 
1756274316369|0|statement|connection 89|url jdbc:h2:mem:b94fae5c-144e-4e51-b1e2-21812e18b821|drop table if exists settlement cascade |drop table if exists settlement cascade 
1756274316370|0|statement|connection 89|url jdbc:h2:mem:b94fae5c-144e-4e51-b1e2-21812e18b821|drop table if exists transfer cascade |drop table if exists transfer cascade 
1756274316370|0|statement|connection 89|url jdbc:h2:mem:b94fae5c-144e-4e51-b1e2-21812e18b821|drop table if exists "user" cascade |drop table if exists "user" cascade 
1756274316370|0|statement|connection 89|url jdbc:h2:mem:b94fae5c-144e-4e51-b1e2-21812e18b821|drop table if exists user_chat_room cascade |drop table if exists user_chat_room cascade 
1756274316371|0|statement|connection 89|url jdbc:h2:mem:b94fae5c-144e-4e51-b1e2-21812e18b821|drop table if exists user_club cascade |drop table if exists user_club cascade 
1756274316371|0|statement|connection 89|url jdbc:h2:mem:b94fae5c-144e-4e51-b1e2-21812e18b821|drop table if exists user_schedule cascade |drop table if exists user_schedule cascade 
1756274316371|0|statement|connection 89|url jdbc:h2:mem:b94fae5c-144e-4e51-b1e2-21812e18b821|drop table if exists user_settlement cascade |drop table if exists user_settlement cascade 
1756274316371|0|statement|connection 89|url jdbc:h2:mem:b94fae5c-144e-4e51-b1e2-21812e18b821|drop table if exists user_interest cascade |drop table if exists user_interest cascade 
1756274316372|0|statement|connection 89|url jdbc:h2:mem:b94fae5c-144e-4e51-b1e2-21812e18b821|drop table if exists wallet cascade |drop table if exists wallet cascade 
1756274316372|0|statement|connection 89|url jdbc:h2:mem:b94fae5c-144e-4e51-b1e2-21812e18b821|drop table if exists wallet_transaction cascade |drop table if exists wallet_transaction cascade 
1756278575606|0|statement|connection 930|url jdbc:h2:mem:e967a1db-bc06-456e-95f0-59ded040f100|drop table if exists chat_room cascade |drop table if exists chat_room cascade 
1756278575608|0|statement|connection 930|url jdbc:h2:mem:e967a1db-bc06-456e-95f0-59ded040f100|drop table if exists club cascade |drop table if exists club cascade 
1756278575608|0|statement|connection 930|url jdbc:h2:mem:e967a1db-bc06-456e-95f0-59ded040f100|drop table if exists club_like cascade |drop table if exists club_like cascade 
1756278575609|0|statement|connection 930|url jdbc:h2:mem:e967a1db-bc06-456e-95f0-59ded040f100|drop table if exists feed cascade |drop table if exists feed cascade 
1756278575609|0|statement|connection 930|url jdbc:h2:mem:e967a1db-bc06-456e-95f0-59ded040f100|drop table if exists feed_comment cascade |drop table if exists feed_comment cascade 
1756278575609|0|statement|connection 930|url jdbc:h2:mem:e967a1db-bc06-456e-95f0-59ded040f100|drop table if exists feed_image cascade |drop table if exists feed_image cascade 
1756278575609|0|statement|connection 930|url jdbc:h2:mem:e967a1db-bc06-456e-95f0-59ded040f100|drop table if exists feed_like cascade |drop table if exists feed_like cascade 
1756278575609|0|statement|connection 930|url jdbc:h2:mem:e967a1db-bc06-456e-95f0-59ded040f100|drop table if exists interest cascade |drop table if exists interest cascade 
1756278575610|0|statement|connection 930|url jdbc:h2:mem:e967a1db-bc06-456e-95f0-59ded040f100|drop table if exists message cascade |drop table if exists message cascade 
1756278575610|0|statement|connection 930|url jdbc:h2:mem:e967a1db-bc06-456e-95f0-59ded040f100|drop table if exists notification cascade |drop table if exists notification cascade 
1756278575610|0|statement|connection 930|url jdbc:h2:mem:e967a1db-bc06-456e-95f0-59ded040f100|drop table if exists notification_type cascade |drop table if exists notification_type cascade 
1756278575611|0|statement|connection 930|url jdbc:h2:mem:e967a1db-bc06-456e-95f0-59ded040f100|drop table if exists payment cascade |drop table if exists payment cascade 
1756278575611|0|statement|connection 930|url jdbc:h2:mem:e967a1db-bc06-456e-95f0-59ded040f100|drop table if exists schedule cascade |drop table if exists schedule cascade 
1756278575611|0|statement|connection 930|url jdbc:h2:mem:e967a1db-bc06-456e-95f0-59ded040f100|drop table if exists settlement cascade |drop table if exists settlement cascade 
1756278575611|0|statement|connection 930|url jdbc:h2:mem:e967a1db-bc06-456e-95f0-59ded040f100|drop table if exists transfer cascade |drop table if exists transfer cascade 
1756278575611|0|statement|connection 930|url jdbc:h2:mem:e967a1db-bc06-456e-95f0-59ded040f100|drop table if exists "user" cascade |drop table if exists "user" cascade 
1756278575612|0|statement|connection 930|url jdbc:h2:mem:e967a1db-bc06-456e-95f0-59ded040f100|drop table if exists user_chat_room cascade |drop table if exists user_chat_room cascade 
1756278575613|1|statement|connection 930|url jdbc:h2:mem:e967a1db-bc06-456e-95f0-59ded040f100|drop table if exists user_club cascade |drop table if exists user_club cascade 
1756278575613|0|statement|connection 930|url jdbc:h2:mem:e967a1db-bc06-456e-95f0-59ded040f100|drop table if exists user_schedule cascade |drop table if exists user_schedule cascade 
1756278575613|0|statement|connection 930|url jdbc:h2:mem:e967a1db-bc06-456e-95f0-59ded040f100|drop table if exists user_settlement cascade |drop table if exists user_settlement cascade 
1756278575613|0|statement|connection 930|url jdbc:h2:mem:e967a1db-bc06-456e-95f0-59ded040f100|drop table if exists user_interest cascade |drop table if exists user_interest cascade 
1756278575614|0|statement|connection 930|url jdbc:h2:mem:e967a1db-bc06-456e-95f0-59ded040f100|drop table if exists wallet cascade |drop table if exists wallet cascade 
1756278575614|0|statement|connection 930|url jdbc:h2:mem:e967a1db-bc06-456e-95f0-59ded040f100|drop table if exists wallet_transaction cascade |drop table if exists wallet_transaction cascade 
1756278585660|0|statement|connection 931|url jdbc:h2:mem:testdb|drop table if exists chat_room cascade |drop table if exists chat_room cascade 
1756278585661|0|statement|connection 931|url jdbc:h2:mem:testdb|drop table if exists club cascade |drop table if exists club cascade 
1756278585661|0|statement|connection 931|url jdbc:h2:mem:testdb|drop table if exists club_like cascade |drop table if exists club_like cascade 
1756278585661|0|statement|connection 931|url jdbc:h2:mem:testdb|drop table if exists feed cascade |drop table if exists feed cascade 
1756278585661|0|statement|connection 931|url jdbc:h2:mem:testdb|drop table if exists feed_comment cascade |drop table if exists feed_comment cascade 
1756278585661|0|statement|connection 931|url jdbc:h2:mem:testdb|drop table if exists feed_image cascade |drop table if exists feed_image cascade 
1756278585661|0|statement|connection 931|url jdbc:h2:mem:testdb|drop table if exists feed_like cascade |drop table if exists feed_like cascade 
1756278585661|0|statement|connection 931|url jdbc:h2:mem:testdb|drop table if exists interest cascade |drop table if exists interest cascade 
1756278585661|0|statement|connection 931|url jdbc:h2:mem:testdb|drop table if exists message cascade |drop table if exists message cascade 
1756278585661|0|statement|connection 931|url jdbc:h2:mem:testdb|drop table if exists notification cascade |drop table if exists notification cascade 
1756278585661|0|statement|connection 931|url jdbc:h2:mem:testdb|drop table if exists notification_type cascade |drop table if exists notification_type cascade 
1756278585661|0|statement|connection 931|url jdbc:h2:mem:testdb|drop table if exists payment cascade |drop table if exists payment cascade 
1756278585661|0|statement|connection 931|url jdbc:h2:mem:testdb|drop table if exists schedule cascade |drop table if exists schedule cascade 
1756278585661|0|statement|connection 931|url jdbc:h2:mem:testdb|drop table if exists settlement cascade |drop table if exists settlement cascade 
1756278585661|0|statement|connection 931|url jdbc:h2:mem:testdb|drop table if exists transfer cascade |drop table if exists transfer cascade 
1756278585661|0|statement|connection 931|url jdbc:h2:mem:testdb|drop table if exists "user" cascade |drop table if exists "user" cascade 
1756278585661|0|statement|connection 931|url jdbc:h2:mem:testdb|drop table if exists user_chat_room cascade |drop table if exists user_chat_room cascade 
1756278585661|0|statement|connection 931|url jdbc:h2:mem:testdb|drop table if exists user_club cascade |drop table if exists user_club cascade 
1756278585661|0|statement|connection 931|url jdbc:h2:mem:testdb|drop table if exists user_schedule cascade |drop table if exists user_schedule cascade 
1756278585661|0|statement|connection 931|url jdbc:h2:mem:testdb|drop table if exists user_settlement cascade |drop table if exists user_settlement cascade 
1756278585662|0|statement|connection 931|url jdbc:h2:mem:testdb|drop table if exists user_interest cascade |drop table if exists user_interest cascade 
1756278585662|0|statement|connection 931|url jdbc:h2:mem:testdb|drop table if exists wallet cascade |drop table if exists wallet cascade 
1756278585662|0|statement|connection 931|url jdbc:h2:mem:testdb|drop table if exists wallet_transaction cascade |drop table if exists wallet_transaction cascade 
1756278585695|0|statement|connection 932|url jdbc:h2:mem:testdb|drop table if exists chat_room cascade |drop table if exists chat_room cascade 
1756278585695|0|statement|connection 932|url jdbc:h2:mem:testdb|drop table if exists club cascade |drop table if exists club cascade 
1756278585695|0|statement|connection 932|url jdbc:h2:mem:testdb|drop table if exists club_like cascade |drop table if exists club_like cascade 
1756278585695|0|statement|connection 932|url jdbc:h2:mem:testdb|drop table if exists feed cascade |drop table if exists feed cascade 
1756278585695|0|statement|connection 932|url jdbc:h2:mem:testdb|drop table if exists feed_comment cascade |drop table if exists feed_comment cascade 
1756278585696|0|statement|connection 932|url jdbc:h2:mem:testdb|drop table if exists feed_image cascade |drop table if exists feed_image cascade 
1756278585696|0|statement|connection 932|url jdbc:h2:mem:testdb|drop table if exists feed_like cascade |drop table if exists feed_like cascade 
1756278585696|0|statement|connection 932|url jdbc:h2:mem:testdb|drop table if exists interest cascade |drop table if exists interest cascade 
1756278585696|0|statement|connection 932|url jdbc:h2:mem:testdb|drop table if exists message cascade |drop table if exists message cascade 
1756278585696|0|statement|connection 932|url jdbc:h2:mem:testdb|drop table if exists notification cascade |drop table if exists notification cascade 
1756278585696|0|statement|connection 932|url jdbc:h2:mem:testdb|drop table if exists notification_type cascade |drop table if exists notification_type cascade 
1756278585696|0|statement|connection 932|url jdbc:h2:mem:testdb|drop table if exists payment cascade |drop table if exists payment cascade 
1756278585696|0|statement|connection 932|url jdbc:h2:mem:testdb|drop table if exists schedule cascade |drop table if exists schedule cascade 
1756278585696|0|statement|connection 932|url jdbc:h2:mem:testdb|drop table if exists settlement cascade |drop table if exists settlement cascade 
1756278585696|0|statement|connection 932|url jdbc:h2:mem:testdb|drop table if exists transfer cascade |drop table if exists transfer cascade 
1756278585696|0|statement|connection 932|url jdbc:h2:mem:testdb|drop table if exists "user" cascade |drop table if exists "user" cascade 
1756278585696|0|statement|connection 932|url jdbc:h2:mem:testdb|drop table if exists user_chat_room cascade |drop table if exists user_chat_room cascade 
1756278585696|0|statement|connection 932|url jdbc:h2:mem:testdb|drop table if exists user_club cascade |drop table if exists user_club cascade 
1756278585696|0|statement|connection 932|url jdbc:h2:mem:testdb|drop table if exists user_schedule cascade |drop table if exists user_schedule cascade 
1756278585696|0|statement|connection 932|url jdbc:h2:mem:testdb|drop table if exists user_settlement cascade |drop table if exists user_settlement cascade 
1756278585696|0|statement|connection 932|url jdbc:h2:mem:testdb|drop table if exists user_interest cascade |drop table if exists user_interest cascade 
1756278585696|0|statement|connection 932|url jdbc:h2:mem:testdb|drop table if exists wallet cascade |drop table if exists wallet cascade 
1756278585697|0|statement|connection 932|url jdbc:h2:mem:testdb|drop table if exists wallet_transaction cascade |drop table if exists wallet_transaction cascade 
1756278595715|0|statement|connection 933|url jdbc:h2:mem:testdb|drop table if exists chat_room cascade |drop table if exists chat_room cascade 
1756278595716|0|statement|connection 933|url jdbc:h2:mem:testdb|drop table if exists club cascade |drop table if exists club cascade 
1756278595716|0|statement|connection 933|url jdbc:h2:mem:testdb|drop table if exists club_like cascade |drop table if exists club_like cascade 
1756278595716|0|statement|connection 933|url jdbc:h2:mem:testdb|drop table if exists feed cascade |drop table if exists feed cascade 
1756278595716|0|statement|connection 933|url jdbc:h2:mem:testdb|drop table if exists feed_comment cascade |drop table if exists feed_comment cascade 
1756278595716|0|statement|connection 933|url jdbc:h2:mem:testdb|drop table if exists feed_image cascade |drop table if exists feed_image cascade 
1756278595716|0|statement|connection 933|url jdbc:h2:mem:testdb|drop table if exists feed_like cascade |drop table if exists feed_like cascade 
1756278595716|0|statement|connection 933|url jdbc:h2:mem:testdb|drop table if exists interest cascade |drop table if exists interest cascade 
1756278595716|0|statement|connection 933|url jdbc:h2:mem:testdb|drop table if exists message cascade |drop table if exists message cascade 
1756278595716|0|statement|connection 933|url jdbc:h2:mem:testdb|drop table if exists notification cascade |drop table if exists notification cascade 
1756278595716|0|statement|connection 933|url jdbc:h2:mem:testdb|drop table if exists notification_type cascade |drop table if exists notification_type cascade 
1756278595716|0|statement|connection 933|url jdbc:h2:mem:testdb|drop table if exists payment cascade |drop table if exists payment cascade 
1756278595717|0|statement|connection 933|url jdbc:h2:mem:testdb|drop table if exists schedule cascade |drop table if exists schedule cascade 
1756278595717|0|statement|connection 933|url jdbc:h2:mem:testdb|drop table if exists settlement cascade |drop table if exists settlement cascade 
1756278595717|0|statement|connection 933|url jdbc:h2:mem:testdb|drop table if exists transfer cascade |drop table if exists transfer cascade 
1756278595717|0|statement|connection 933|url jdbc:h2:mem:testdb|drop table if exists "user" cascade |drop table if exists "user" cascade 
1756278595717|0|statement|connection 933|url jdbc:h2:mem:testdb|drop table if exists user_chat_room cascade |drop table if exists user_chat_room cascade 
1756278595717|0|statement|connection 933|url jdbc:h2:mem:testdb|drop table if exists user_club cascade |drop table if exists user_club cascade 
1756278595717|0|statement|connection 933|url jdbc:h2:mem:testdb|drop table if exists user_schedule cascade |drop table if exists user_schedule cascade 
1756278595717|0|statement|connection 933|url jdbc:h2:mem:testdb|drop table if exists user_settlement cascade |drop table if exists user_settlement cascade 
1756278595717|0|statement|connection 933|url jdbc:h2:mem:testdb|drop table if exists user_interest cascade |drop table if exists user_interest cascade 
1756278595717|0|statement|connection 933|url jdbc:h2:mem:testdb|drop table if exists wallet cascade |drop table if exists wallet cascade 
1756278595717|0|statement|connection 933|url jdbc:h2:mem:testdb|drop table if exists wallet_transaction cascade |drop table if exists wallet_transaction cascade 
1756279333125|0|statement|connection 1006|url jdbc:h2:mem:testdb|drop table if exists chat_room cascade |drop table if exists chat_room cascade 
1756279333126|0|statement|connection 1006|url jdbc:h2:mem:testdb|drop table if exists club cascade |drop table if exists club cascade 
1756279333126|0|statement|connection 1006|url jdbc:h2:mem:testdb|drop table if exists club_like cascade |drop table if exists club_like cascade 
1756279333126|0|statement|connection 1006|url jdbc:h2:mem:testdb|drop table if exists feed cascade |drop table if exists feed cascade 
1756279333126|0|statement|connection 1006|url jdbc:h2:mem:testdb|drop table if exists feed_comment cascade |drop table if exists feed_comment cascade 
1756279333127|0|statement|connection 1006|url jdbc:h2:mem:testdb|drop table if exists feed_image cascade |drop table if exists feed_image cascade 
1756279333127|0|statement|connection 1006|url jdbc:h2:mem:testdb|drop table if exists feed_like cascade |drop table if exists feed_like cascade 
1756279333127|0|statement|connection 1006|url jdbc:h2:mem:testdb|drop table if exists interest cascade |drop table if exists interest cascade 
1756279333127|0|statement|connection 1006|url jdbc:h2:mem:testdb|drop table if exists message cascade |drop table if exists message cascade 
1756279333127|0|statement|connection 1006|url jdbc:h2:mem:testdb|drop table if exists notification cascade |drop table if exists notification cascade 
1756279333127|0|statement|connection 1006|url jdbc:h2:mem:testdb|drop table if exists notification_type cascade |drop table if exists notification_type cascade 
1756279333127|0|statement|connection 1006|url jdbc:h2:mem:testdb|drop table if exists payment cascade |drop table if exists payment cascade 
1756279333127|0|statement|connection 1006|url jdbc:h2:mem:testdb|drop table if exists schedule cascade |drop table if exists schedule cascade 
1756279333127|0|statement|connection 1006|url jdbc:h2:mem:testdb|drop table if exists settlement cascade |drop table if exists settlement cascade 
1756279333127|0|statement|connection 1006|url jdbc:h2:mem:testdb|drop table if exists transfer cascade |drop table if exists transfer cascade 
1756279333127|0|statement|connection 1006|url jdbc:h2:mem:testdb|drop table if exists "user" cascade |drop table if exists "user" cascade 
1756279333127|0|statement|connection 1006|url jdbc:h2:mem:testdb|drop table if exists user_chat_room cascade |drop table if exists user_chat_room cascade 
1756279333127|0|statement|connection 1006|url jdbc:h2:mem:testdb|drop table if exists user_club cascade |drop table if exists user_club cascade 
1756279333127|0|statement|connection 1006|url jdbc:h2:mem:testdb|drop table if exists user_schedule cascade |drop table if exists user_schedule cascade 
1756279333127|0|statement|connection 1006|url jdbc:h2:mem:testdb|drop table if exists user_settlement cascade |drop table if exists user_settlement cascade 
1756279333127|0|statement|connection 1006|url jdbc:h2:mem:testdb|drop table if exists user_interest cascade |drop table if exists user_interest cascade 
1756279333127|0|statement|connection 1006|url jdbc:h2:mem:testdb|drop table if exists wallet cascade |drop table if exists wallet cascade 
1756279333127|0|statement|connection 1006|url jdbc:h2:mem:testdb|drop table if exists wallet_transaction cascade |drop table if exists wallet_transaction cascade 
1756282398877|1|statement|connection 1118|url jdbc:h2:mem:testdb|drop table if exists chat_room cascade |drop table if exists chat_room cascade 
1756282398879|0|statement|connection 1118|url jdbc:h2:mem:testdb|drop table if exists club cascade |drop table if exists club cascade 
1756282398879|0|statement|connection 1118|url jdbc:h2:mem:testdb|drop table if exists club_like cascade |drop table if exists club_like cascade 
1756282398879|0|statement|connection 1118|url jdbc:h2:mem:testdb|drop table if exists feed cascade |drop table if exists feed cascade 
1756282398879|0|statement|connection 1118|url jdbc:h2:mem:testdb|drop table if exists feed_comment cascade |drop table if exists feed_comment cascade 
1756282398879|0|statement|connection 1118|url jdbc:h2:mem:testdb|drop table if exists feed_image cascade |drop table if exists feed_image cascade 
1756282398879|0|statement|connection 1118|url jdbc:h2:mem:testdb|drop table if exists feed_like cascade |drop table if exists feed_like cascade 
1756282398880|0|statement|connection 1118|url jdbc:h2:mem:testdb|drop table if exists interest cascade |drop table if exists interest cascade 
1756282398880|0|statement|connection 1118|url jdbc:h2:mem:testdb|drop table if exists message cascade |drop table if exists message cascade 
1756282398880|0|statement|connection 1118|url jdbc:h2:mem:testdb|drop table if exists notification cascade |drop table if exists notification cascade 
1756282398880|0|statement|connection 1118|url jdbc:h2:mem:testdb|drop table if exists notification_type cascade |drop table if exists notification_type cascade 
1756282398880|0|statement|connection 1118|url jdbc:h2:mem:testdb|drop table if exists payment cascade |drop table if exists payment cascade 
1756282398880|0|statement|connection 1118|url jdbc:h2:mem:testdb|drop table if exists schedule cascade |drop table if exists schedule cascade 
1756282398880|0|statement|connection 1118|url jdbc:h2:mem:testdb|drop table if exists settlement cascade |drop table if exists settlement cascade 
1756282398880|0|statement|connection 1118|url jdbc:h2:mem:testdb|drop table if exists transfer cascade |drop table if exists transfer cascade 
1756282398880|0|statement|connection 1118|url jdbc:h2:mem:testdb|drop table if exists "user" cascade |drop table if exists "user" cascade 
1756282398880|0|statement|connection 1118|url jdbc:h2:mem:testdb|drop table if exists user_chat_room cascade |drop table if exists user_chat_room cascade 
1756282398880|0|statement|connection 1118|url jdbc:h2:mem:testdb|drop table if exists user_club cascade |drop table if exists user_club cascade 
1756282398880|0|statement|connection 1118|url jdbc:h2:mem:testdb|drop table if exists user_schedule cascade |drop table if exists user_schedule cascade 
1756282398880|0|statement|connection 1118|url jdbc:h2:mem:testdb|drop table if exists user_settlement cascade |drop table if exists user_settlement cascade 
1756282398880|0|statement|connection 1118|url jdbc:h2:mem:testdb|drop table if exists user_interest cascade |drop table if exists user_interest cascade 
1756282398880|0|statement|connection 1118|url jdbc:h2:mem:testdb|drop table if exists wallet cascade |drop table if exists wallet cascade 
1756282398881|0|statement|connection 1118|url jdbc:h2:mem:testdb|drop table if exists wallet_transaction cascade |drop table if exists wallet_transaction cascade 
1756282912908|0|statement|connection 1118|url jdbc:h2:mem:testdb|drop table if exists chat_room cascade |drop table if exists chat_room cascade 
1756282912909|0|statement|connection 1118|url jdbc:h2:mem:testdb|drop table if exists club cascade |drop table if exists club cascade 
1756282912909|0|statement|connection 1118|url jdbc:h2:mem:testdb|drop table if exists club_like cascade |drop table if exists club_like cascade 
1756282912909|0|statement|connection 1118|url jdbc:h2:mem:testdb|drop table if exists feed cascade |drop table if exists feed cascade 
1756282912909|0|statement|connection 1118|url jdbc:h2:mem:testdb|drop table if exists feed_comment cascade |drop table if exists feed_comment cascade 
1756282912909|0|statement|connection 1118|url jdbc:h2:mem:testdb|drop table if exists feed_image cascade |drop table if exists feed_image cascade 
1756282912909|0|statement|connection 1118|url jdbc:h2:mem:testdb|drop table if exists feed_like cascade |drop table if exists feed_like cascade 
1756282912909|0|statement|connection 1118|url jdbc:h2:mem:testdb|drop table if exists interest cascade |drop table if exists interest cascade 
1756282912909|0|statement|connection 1118|url jdbc:h2:mem:testdb|drop table if exists message cascade |drop table if exists message cascade 
1756282912909|0|statement|connection 1118|url jdbc:h2:mem:testdb|drop table if exists notification cascade |drop table if exists notification cascade 
1756282912909|0|statement|connection 1118|url jdbc:h2:mem:testdb|drop table if exists notification_type cascade |drop table if exists notification_type cascade 
1756282912909|0|statement|connection 1118|url jdbc:h2:mem:testdb|drop table if exists payment cascade |drop table if exists payment cascade 
1756282912909|0|statement|connection 1118|url jdbc:h2:mem:testdb|drop table if exists schedule cascade |drop table if exists schedule cascade 
1756282912909|0|statement|connection 1118|url jdbc:h2:mem:testdb|drop table if exists settlement cascade |drop table if exists settlement cascade 
1756282912909|0|statement|connection 1118|url jdbc:h2:mem:testdb|drop table if exists transfer cascade |drop table if exists transfer cascade 
1756282912910|0|statement|connection 1118|url jdbc:h2:mem:testdb|drop table if exists "user" cascade |drop table if exists "user" cascade 
1756282912910|0|statement|connection 1118|url jdbc:h2:mem:testdb|drop table if exists user_chat_room cascade |drop table if exists user_chat_room cascade 
1756282912910|0|statement|connection 1118|url jdbc:h2:mem:testdb|drop table if exists user_club cascade |drop table if exists user_club cascade 
1756282912910|0|statement|connection 1118|url jdbc:h2:mem:testdb|drop table if exists user_schedule cascade |drop table if exists user_schedule cascade 
1756282912910|0|statement|connection 1118|url jdbc:h2:mem:testdb|drop table if exists user_settlement cascade |drop table if exists user_settlement cascade 
1756282912910|0|statement|connection 1118|url jdbc:h2:mem:testdb|drop table if exists user_interest cascade |drop table if exists user_interest cascade 
1756282912910|0|statement|connection 1118|url jdbc:h2:mem:testdb|drop table if exists wallet cascade |drop table if exists wallet cascade 
1756282912910|0|statement|connection 1118|url jdbc:h2:mem:testdb|drop table if exists wallet_transaction cascade |drop table if exists wallet_transaction cascade 
1756283608470|0|statement|connection 1118|url jdbc:h2:mem:testdb|drop table if exists chat_room cascade |drop table if exists chat_room cascade 
1756283608473|0|statement|connection 1118|url jdbc:h2:mem:testdb|drop table if exists club cascade |drop table if exists club cascade 
1756283608473|0|statement|connection 1118|url jdbc:h2:mem:testdb|drop table if exists club_like cascade |drop table if exists club_like cascade 
1756283608473|0|statement|connection 1118|url jdbc:h2:mem:testdb|drop table if exists feed cascade |drop table if exists feed cascade 
1756283608473|0|statement|connection 1118|url jdbc:h2:mem:testdb|drop table if exists feed_comment cascade |drop table if exists feed_comment cascade 
1756283608473|0|statement|connection 1118|url jdbc:h2:mem:testdb|drop table if exists feed_image cascade |drop table if exists feed_image cascade 
1756283608474|0|statement|connection 1118|url jdbc:h2:mem:testdb|drop table if exists feed_like cascade |drop table if exists feed_like cascade 
1756283608474|0|statement|connection 1118|url jdbc:h2:mem:testdb|drop table if exists interest cascade |drop table if exists interest cascade 
1756283608474|0|statement|connection 1118|url jdbc:h2:mem:testdb|drop table if exists message cascade |drop table if exists message cascade 
1756283608474|0|statement|connection 1118|url jdbc:h2:mem:testdb|drop table if exists notification cascade |drop table if exists notification cascade 
1756283608474|0|statement|connection 1118|url jdbc:h2:mem:testdb|drop table if exists notification_type cascade |drop table if exists notification_type cascade 
1756283608474|0|statement|connection 1118|url jdbc:h2:mem:testdb|drop table if exists payment cascade |drop table if exists payment cascade 
1756283608474|0|statement|connection 1118|url jdbc:h2:mem:testdb|drop table if exists schedule cascade |drop table if exists schedule cascade 
1756283608474|0|statement|connection 1118|url jdbc:h2:mem:testdb|drop table if exists settlement cascade |drop table if exists settlement cascade 
1756283608474|0|statement|connection 1118|url jdbc:h2:mem:testdb|drop table if exists transfer cascade |drop table if exists transfer cascade 
1756283608474|0|statement|connection 1118|url jdbc:h2:mem:testdb|drop table if exists "user" cascade |drop table if exists "user" cascade 
1756283608474|0|statement|connection 1118|url jdbc:h2:mem:testdb|drop table if exists user_chat_room cascade |drop table if exists user_chat_room cascade 
1756283608475|0|statement|connection 1118|url jdbc:h2:mem:testdb|drop table if exists user_club cascade |drop table if exists user_club cascade 
1756283608475|0|statement|connection 1118|url jdbc:h2:mem:testdb|drop table if exists user_schedule cascade |drop table if exists user_schedule cascade 
1756283608475|0|statement|connection 1118|url jdbc:h2:mem:testdb|drop table if exists user_settlement cascade |drop table if exists user_settlement cascade 
1756283608475|0|statement|connection 1118|url jdbc:h2:mem:testdb|drop table if exists user_interest cascade |drop table if exists user_interest cascade 
1756283608475|0|statement|connection 1118|url jdbc:h2:mem:testdb|drop table if exists wallet cascade |drop table if exists wallet cascade 
1756283608475|0|statement|connection 1118|url jdbc:h2:mem:testdb|drop table if exists wallet_transaction cascade |drop table if exists wallet_transaction cascade 
1756303574063|0|statement|connection 1138|url jdbc:h2:mem:testdb|drop table if exists chat_room cascade |drop table if exists chat_room cascade 
1756303574066|0|statement|connection 1138|url jdbc:h2:mem:testdb|drop table if exists club cascade |drop table if exists club cascade 
1756303574066|0|statement|connection 1138|url jdbc:h2:mem:testdb|drop table if exists club_like cascade |drop table if exists club_like cascade 
1756303574067|0|statement|connection 1138|url jdbc:h2:mem:testdb|drop table if exists feed cascade |drop table if exists feed cascade 
1756303574067|0|statement|connection 1138|url jdbc:h2:mem:testdb|drop table if exists feed_comment cascade |drop table if exists feed_comment cascade 
1756303574067|0|statement|connection 1138|url jdbc:h2:mem:testdb|drop table if exists feed_image cascade |drop table if exists feed_image cascade 
1756303574067|0|statement|connection 1138|url jdbc:h2:mem:testdb|drop table if exists feed_like cascade |drop table if exists feed_like cascade 
1756303574068|0|statement|connection 1138|url jdbc:h2:mem:testdb|drop table if exists interest cascade |drop table if exists interest cascade 
1756303574068|0|statement|connection 1138|url jdbc:h2:mem:testdb|drop table if exists message cascade |drop table if exists message cascade 
1756303574068|0|statement|connection 1138|url jdbc:h2:mem:testdb|drop table if exists notification cascade |drop table if exists notification cascade 
1756303574068|0|statement|connection 1138|url jdbc:h2:mem:testdb|drop table if exists notification_type cascade |drop table if exists notification_type cascade 
1756303574068|0|statement|connection 1138|url jdbc:h2:mem:testdb|drop table if exists payment cascade |drop table if exists payment cascade 
1756303574068|0|statement|connection 1138|url jdbc:h2:mem:testdb|drop table if exists schedule cascade |drop table if exists schedule cascade 
1756303574068|0|statement|connection 1138|url jdbc:h2:mem:testdb|drop table if exists settlement cascade |drop table if exists settlement cascade 
1756303574068|0|statement|connection 1138|url jdbc:h2:mem:testdb|drop table if exists transfer cascade |drop table if exists transfer cascade 
1756303574068|0|statement|connection 1138|url jdbc:h2:mem:testdb|drop table if exists "user" cascade |drop table if exists "user" cascade 
1756303574068|0|statement|connection 1138|url jdbc:h2:mem:testdb|drop table if exists user_chat_room cascade |drop table if exists user_chat_room cascade 
1756303574068|0|statement|connection 1138|url jdbc:h2:mem:testdb|drop table if exists user_club cascade |drop table if exists user_club cascade 
1756303574068|0|statement|connection 1138|url jdbc:h2:mem:testdb|drop table if exists user_schedule cascade |drop table if exists user_schedule cascade 
1756303574069|0|statement|connection 1138|url jdbc:h2:mem:testdb|drop table if exists user_settlement cascade |drop table if exists user_settlement cascade 
1756303574069|0|statement|connection 1138|url jdbc:h2:mem:testdb|drop table if exists user_interest cascade |drop table if exists user_interest cascade 
1756303574069|0|statement|connection 1138|url jdbc:h2:mem:testdb|drop table if exists wallet cascade |drop table if exists wallet cascade 
1756303574069|0|statement|connection 1138|url jdbc:h2:mem:testdb|drop table if exists wallet_transaction cascade |drop table if exists wallet_transaction cascade 
1756303584115|0|statement|connection 1139|url jdbc:h2:mem:testdb|drop table if exists chat_room cascade |drop table if exists chat_room cascade 
1756303584115|0|statement|connection 1139|url jdbc:h2:mem:testdb|drop table if exists club cascade |drop table if exists club cascade 
1756303584115|0|statement|connection 1139|url jdbc:h2:mem:testdb|drop table if exists club_like cascade |drop table if exists club_like cascade 
1756303584115|0|statement|connection 1139|url jdbc:h2:mem:testdb|drop table if exists feed cascade |drop table if exists feed cascade 
1756303584115|0|statement|connection 1139|url jdbc:h2:mem:testdb|drop table if exists feed_comment cascade |drop table if exists feed_comment cascade 
1756303584115|0|statement|connection 1139|url jdbc:h2:mem:testdb|drop table if exists feed_image cascade |drop table if exists feed_image cascade 
1756303584115|0|statement|connection 1139|url jdbc:h2:mem:testdb|drop table if exists feed_like cascade |drop table if exists feed_like cascade 
1756303584115|0|statement|connection 1139|url jdbc:h2:mem:testdb|drop table if exists interest cascade |drop table if exists interest cascade 
1756303584115|0|statement|connection 1139|url jdbc:h2:mem:testdb|drop table if exists message cascade |drop table if exists message cascade 
1756303584115|0|statement|connection 1139|url jdbc:h2:mem:testdb|drop table if exists notification cascade |drop table if exists notification cascade 
1756303584115|0|statement|connection 1139|url jdbc:h2:mem:testdb|drop table if exists notification_type cascade |drop table if exists notification_type cascade 
1756303584115|0|statement|connection 1139|url jdbc:h2:mem:testdb|drop table if exists payment cascade |drop table if exists payment cascade 
1756303584115|0|statement|connection 1139|url jdbc:h2:mem:testdb|drop table if exists schedule cascade |drop table if exists schedule cascade 
1756303584115|0|statement|connection 1139|url jdbc:h2:mem:testdb|drop table if exists settlement cascade |drop table if exists settlement cascade 
1756303584115|0|statement|connection 1139|url jdbc:h2:mem:testdb|drop table if exists transfer cascade |drop table if exists transfer cascade 
1756303584115|0|statement|connection 1139|url jdbc:h2:mem:testdb|drop table if exists "user" cascade |drop table if exists "user" cascade 
1756303584115|0|statement|connection 1139|url jdbc:h2:mem:testdb|drop table if exists user_chat_room cascade |drop table if exists user_chat_room cascade 
1756303584115|0|statement|connection 1139|url jdbc:h2:mem:testdb|drop table if exists user_club cascade |drop table if exists user_club cascade 
1756303584115|0|statement|connection 1139|url jdbc:h2:mem:testdb|drop table if exists user_schedule cascade |drop table if exists user_schedule cascade 
1756303584115|0|statement|connection 1139|url jdbc:h2:mem:testdb|drop table if exists user_settlement cascade |drop table if exists user_settlement cascade 
1756303584115|0|statement|connection 1139|url jdbc:h2:mem:testdb|drop table if exists user_interest cascade |drop table if exists user_interest cascade 
1756303584116|0|statement|connection 1139|url jdbc:h2:mem:testdb|drop table if exists wallet cascade |drop table if exists wallet cascade 
1756303584116|0|statement|connection 1139|url jdbc:h2:mem:testdb|drop table if exists wallet_transaction cascade |drop table if exists wallet_transaction cascade 
1756303594134|0|statement|connection 1140|url jdbc:h2:mem:testdb|drop table if exists chat_room cascade |drop table if exists chat_room cascade 
1756303594134|0|statement|connection 1140|url jdbc:h2:mem:testdb|drop table if exists club cascade |drop table if exists club cascade 
1756303594136|0|statement|connection 1140|url jdbc:h2:mem:testdb|drop table if exists club_like cascade |drop table if exists club_like cascade 
1756303594136|0|statement|connection 1140|url jdbc:h2:mem:testdb|drop table if exists feed cascade |drop table if exists feed cascade 
1756303594136|0|statement|connection 1140|url jdbc:h2:mem:testdb|drop table if exists feed_comment cascade |drop table if exists feed_comment cascade 
1756303594136|0|statement|connection 1140|url jdbc:h2:mem:testdb|drop table if exists feed_image cascade |drop table if exists feed_image cascade 
1756303594136|0|statement|connection 1140|url jdbc:h2:mem:testdb|drop table if exists feed_like cascade |drop table if exists feed_like cascade 
1756303594136|0|statement|connection 1140|url jdbc:h2:mem:testdb|drop table if exists interest cascade |drop table if exists interest cascade 
1756303594136|0|statement|connection 1140|url jdbc:h2:mem:testdb|drop table if exists message cascade |drop table if exists message cascade 
1756303594136|0|statement|connection 1140|url jdbc:h2:mem:testdb|drop table if exists notification cascade |drop table if exists notification cascade 
1756303594136|0|statement|connection 1140|url jdbc:h2:mem:testdb|drop table if exists notification_type cascade |drop table if exists notification_type cascade 
1756303594136|0|statement|connection 1140|url jdbc:h2:mem:testdb|drop table if exists payment cascade |drop table if exists payment cascade 
1756303594136|0|statement|connection 1140|url jdbc:h2:mem:testdb|drop table if exists schedule cascade |drop table if exists schedule cascade 
1756303594136|0|statement|connection 1140|url jdbc:h2:mem:testdb|drop table if exists settlement cascade |drop table if exists settlement cascade 
1756303594136|0|statement|connection 1140|url jdbc:h2:mem:testdb|drop table if exists transfer cascade |drop table if exists transfer cascade 
1756303594136|0|statement|connection 1140|url jdbc:h2:mem:testdb|drop table if exists "user" cascade |drop table if exists "user" cascade 
1756303594136|0|statement|connection 1140|url jdbc:h2:mem:testdb|drop table if exists user_chat_room cascade |drop table if exists user_chat_room cascade 
1756303594136|0|statement|connection 1140|url jdbc:h2:mem:testdb|drop table if exists user_club cascade |drop table if exists user_club cascade 
1756303594136|0|statement|connection 1140|url jdbc:h2:mem:testdb|drop table if exists user_schedule cascade |drop table if exists user_schedule cascade 
1756303594136|0|statement|connection 1140|url jdbc:h2:mem:testdb|drop table if exists user_settlement cascade |drop table if exists user_settlement cascade 
1756303594136|0|statement|connection 1140|url jdbc:h2:mem:testdb|drop table if exists user_interest cascade |drop table if exists user_interest cascade 
1756303594136|0|statement|connection 1140|url jdbc:h2:mem:testdb|drop table if exists wallet cascade |drop table if exists wallet cascade 
1756303594136|0|statement|connection 1140|url jdbc:h2:mem:testdb|drop table if exists wallet_transaction cascade |drop table if exists wallet_transaction cascade 
1756304933395|0|statement|connection 1074|url jdbc:h2:mem:1f00acbe-e173-48ae-99c8-575ff26270b8|drop table if exists chat_room cascade |drop table if exists chat_room cascade 
1756304933398|0|statement|connection 1074|url jdbc:h2:mem:1f00acbe-e173-48ae-99c8-575ff26270b8|drop table if exists club cascade |drop table if exists club cascade 
1756304933398|0|statement|connection 1074|url jdbc:h2:mem:1f00acbe-e173-48ae-99c8-575ff26270b8|drop table if exists club_like cascade |drop table if exists club_like cascade 
1756304933399|0|statement|connection 1074|url jdbc:h2:mem:1f00acbe-e173-48ae-99c8-575ff26270b8|drop table if exists feed cascade |drop table if exists feed cascade 
1756304933399|0|statement|connection 1074|url jdbc:h2:mem:1f00acbe-e173-48ae-99c8-575ff26270b8|drop table if exists feed_comment cascade |drop table if exists feed_comment cascade 
1756304933399|0|statement|connection 1074|url jdbc:h2:mem:1f00acbe-e173-48ae-99c8-575ff26270b8|drop table if exists feed_image cascade |drop table if exists feed_image cascade 
1756304933399|0|statement|connection 1074|url jdbc:h2:mem:1f00acbe-e173-48ae-99c8-575ff26270b8|drop table if exists feed_like cascade |drop table if exists feed_like cascade 
1756304933399|0|statement|connection 1074|url jdbc:h2:mem:1f00acbe-e173-48ae-99c8-575ff26270b8|drop table if exists interest cascade |drop table if exists interest cascade 
1756304933399|0|statement|connection 1074|url jdbc:h2:mem:1f00acbe-e173-48ae-99c8-575ff26270b8|drop table if exists message cascade |drop table if exists message cascade 
1756304933399|0|statement|connection 1074|url jdbc:h2:mem:1f00acbe-e173-48ae-99c8-575ff26270b8|drop table if exists notification cascade |drop table if exists notification cascade 
1756304933399|0|statement|connection 1074|url jdbc:h2:mem:1f00acbe-e173-48ae-99c8-575ff26270b8|drop table if exists notification_type cascade |drop table if exists notification_type cascade 
1756304933399|0|statement|connection 1074|url jdbc:h2:mem:1f00acbe-e173-48ae-99c8-575ff26270b8|drop table if exists payment cascade |drop table if exists payment cascade 
1756304933399|0|statement|connection 1074|url jdbc:h2:mem:1f00acbe-e173-48ae-99c8-575ff26270b8|drop table if exists schedule cascade |drop table if exists schedule cascade 
1756304933399|0|statement|connection 1074|url jdbc:h2:mem:1f00acbe-e173-48ae-99c8-575ff26270b8|drop table if exists settlement cascade |drop table if exists settlement cascade 
1756304933399|0|statement|connection 1074|url jdbc:h2:mem:1f00acbe-e173-48ae-99c8-575ff26270b8|drop table if exists transfer cascade |drop table if exists transfer cascade 
1756304933399|0|statement|connection 1074|url jdbc:h2:mem:1f00acbe-e173-48ae-99c8-575ff26270b8|drop table if exists "user" cascade |drop table if exists "user" cascade 
1756304933399|0|statement|connection 1074|url jdbc:h2:mem:1f00acbe-e173-48ae-99c8-575ff26270b8|drop table if exists user_chat_room cascade |drop table if exists user_chat_room cascade 
1756304933399|0|statement|connection 1074|url jdbc:h2:mem:1f00acbe-e173-48ae-99c8-575ff26270b8|drop table if exists user_club cascade |drop table if exists user_club cascade 
1756304933399|0|statement|connection 1074|url jdbc:h2:mem:1f00acbe-e173-48ae-99c8-575ff26270b8|drop table if exists user_schedule cascade |drop table if exists user_schedule cascade 
1756304933399|0|statement|connection 1074|url jdbc:h2:mem:1f00acbe-e173-48ae-99c8-575ff26270b8|drop table if exists user_settlement cascade |drop table if exists user_settlement cascade 
1756304933399|0|statement|connection 1074|url jdbc:h2:mem:1f00acbe-e173-48ae-99c8-575ff26270b8|drop table if exists user_interest cascade |drop table if exists user_interest cascade 
1756304933399|0|statement|connection 1074|url jdbc:h2:mem:1f00acbe-e173-48ae-99c8-575ff26270b8|drop table if exists wallet cascade |drop table if exists wallet cascade 
1756304933400|0|statement|connection 1074|url jdbc:h2:mem:1f00acbe-e173-48ae-99c8-575ff26270b8|drop table if exists wallet_transaction cascade |drop table if exists wallet_transaction cascade 
1756304943417|0|statement|connection 1075|url jdbc:h2:mem:testdb|drop table if exists chat_room cascade |drop table if exists chat_room cascade 
1756304943418|0|statement|connection 1075|url jdbc:h2:mem:testdb|drop table if exists club cascade |drop table if exists club cascade 
1756304943418|0|statement|connection 1075|url jdbc:h2:mem:testdb|drop table if exists club_like cascade |drop table if exists club_like cascade 
1756304943418|0|statement|connection 1075|url jdbc:h2:mem:testdb|drop table if exists feed cascade |drop table if exists feed cascade 
1756304943418|0|statement|connection 1075|url jdbc:h2:mem:testdb|drop table if exists feed_comment cascade |drop table if exists feed_comment cascade 
1756304943418|0|statement|connection 1075|url jdbc:h2:mem:testdb|drop table if exists feed_image cascade |drop table if exists feed_image cascade 
1756304943418|0|statement|connection 1075|url jdbc:h2:mem:testdb|drop table if exists feed_like cascade |drop table if exists feed_like cascade 
1756304943418|0|statement|connection 1075|url jdbc:h2:mem:testdb|drop table if exists interest cascade |drop table if exists interest cascade 
1756304943418|0|statement|connection 1075|url jdbc:h2:mem:testdb|drop table if exists message cascade |drop table if exists message cascade 
1756304943418|0|statement|connection 1075|url jdbc:h2:mem:testdb|drop table if exists notification cascade |drop table if exists notification cascade 
1756304943418|0|statement|connection 1075|url jdbc:h2:mem:testdb|drop table if exists notification_type cascade |drop table if exists notification_type cascade 
1756304943418|0|statement|connection 1075|url jdbc:h2:mem:testdb|drop table if exists payment cascade |drop table if exists payment cascade 
1756304943418|0|statement|connection 1075|url jdbc:h2:mem:testdb|drop table if exists schedule cascade |drop table if exists schedule cascade 
1756304943418|0|statement|connection 1075|url jdbc:h2:mem:testdb|drop table if exists settlement cascade |drop table if exists settlement cascade 
1756304943418|0|statement|connection 1075|url jdbc:h2:mem:testdb|drop table if exists transfer cascade |drop table if exists transfer cascade 
1756304943418|0|statement|connection 1075|url jdbc:h2:mem:testdb|drop table if exists "user" cascade |drop table if exists "user" cascade 
1756304943418|0|statement|connection 1075|url jdbc:h2:mem:testdb|drop table if exists user_chat_room cascade |drop table if exists user_chat_room cascade 
1756304943418|0|statement|connection 1075|url jdbc:h2:mem:testdb|drop table if exists user_club cascade |drop table if exists user_club cascade 
1756304943418|0|statement|connection 1075|url jdbc:h2:mem:testdb|drop table if exists user_schedule cascade |drop table if exists user_schedule cascade 
1756304943418|0|statement|connection 1075|url jdbc:h2:mem:testdb|drop table if exists user_settlement cascade |drop table if exists user_settlement cascade 
1756304943418|0|statement|connection 1075|url jdbc:h2:mem:testdb|drop table if exists user_interest cascade |drop table if exists user_interest cascade 
1756304943418|0|statement|connection 1075|url jdbc:h2:mem:testdb|drop table if exists wallet cascade |drop table if exists wallet cascade 
1756304943418|0|statement|connection 1075|url jdbc:h2:mem:testdb|drop table if exists wallet_transaction cascade |drop table if exists wallet_transaction cascade 
1756304943427|0|statement|connection 1076|url jdbc:h2:mem:testdb|drop table if exists chat_room cascade |drop table if exists chat_room cascade 
1756304943428|0|statement|connection 1076|url jdbc:h2:mem:testdb|drop table if exists club cascade |drop table if exists club cascade 
1756304943428|0|statement|connection 1076|url jdbc:h2:mem:testdb|drop table if exists club_like cascade |drop table if exists club_like cascade 
1756304943428|0|statement|connection 1076|url jdbc:h2:mem:testdb|drop table if exists feed cascade |drop table if exists feed cascade 
1756304943428|0|statement|connection 1076|url jdbc:h2:mem:testdb|drop table if exists feed_comment cascade |drop table if exists feed_comment cascade 
1756304943428|0|statement|connection 1076|url jdbc:h2:mem:testdb|drop table if exists feed_image cascade |drop table if exists feed_image cascade 
1756304943428|0|statement|connection 1076|url jdbc:h2:mem:testdb|drop table if exists feed_like cascade |drop table if exists feed_like cascade 
1756304943428|0|statement|connection 1076|url jdbc:h2:mem:testdb|drop table if exists interest cascade |drop table if exists interest cascade 
1756304943428|0|statement|connection 1076|url jdbc:h2:mem:testdb|drop table if exists message cascade |drop table if exists message cascade 
1756304943428|0|statement|connection 1076|url jdbc:h2:mem:testdb|drop table if exists notification cascade |drop table if exists notification cascade 
1756304943428|0|statement|connection 1076|url jdbc:h2:mem:testdb|drop table if exists notification_type cascade |drop table if exists notification_type cascade 
1756304943428|0|statement|connection 1076|url jdbc:h2:mem:testdb|drop table if exists payment cascade |drop table if exists payment cascade 
1756304943428|0|statement|connection 1076|url jdbc:h2:mem:testdb|drop table if exists schedule cascade |drop table if exists schedule cascade 
1756304943428|0|statement|connection 1076|url jdbc:h2:mem:testdb|drop table if exists settlement cascade |drop table if exists settlement cascade 
1756304943428|0|statement|connection 1076|url jdbc:h2:mem:testdb|drop table if exists transfer cascade |drop table if exists transfer cascade 
1756304943428|0|statement|connection 1076|url jdbc:h2:mem:testdb|drop table if exists "user" cascade |drop table if exists "user" cascade 
1756304943428|0|statement|connection 1076|url jdbc:h2:mem:testdb|drop table if exists user_chat_room cascade |drop table if exists user_chat_room cascade 
1756304943428|0|statement|connection 1076|url jdbc:h2:mem:testdb|drop table if exists user_club cascade |drop table if exists user_club cascade 
1756304943428|0|statement|connection 1076|url jdbc:h2:mem:testdb|drop table if exists user_schedule cascade |drop table if exists user_schedule cascade 
1756304943428|0|statement|connection 1076|url jdbc:h2:mem:testdb|drop table if exists user_settlement cascade |drop table if exists user_settlement cascade 
1756304943428|0|statement|connection 1076|url jdbc:h2:mem:testdb|drop table if exists user_interest cascade |drop table if exists user_interest cascade 
1756304943428|0|statement|connection 1076|url jdbc:h2:mem:testdb|drop table if exists wallet cascade |drop table if exists wallet cascade 
1756304943428|0|statement|connection 1076|url jdbc:h2:mem:testdb|drop table if exists wallet_transaction cascade |drop table if exists wallet_transaction cascade 
1756304953450|0|statement|connection 1077|url jdbc:h2:mem:testdb|drop table if exists chat_room cascade |drop table if exists chat_room cascade 
1756304953450|0|statement|connection 1077|url jdbc:h2:mem:testdb|drop table if exists club cascade |drop table if exists club cascade 
1756304953450|0|statement|connection 1077|url jdbc:h2:mem:testdb|drop table if exists club_like cascade |drop table if exists club_like cascade 
1756304953450|0|statement|connection 1077|url jdbc:h2:mem:testdb|drop table if exists feed cascade |drop table if exists feed cascade 
1756304953450|0|statement|connection 1077|url jdbc:h2:mem:testdb|drop table if exists feed_comment cascade |drop table if exists feed_comment cascade 
1756304953450|0|statement|connection 1077|url jdbc:h2:mem:testdb|drop table if exists feed_image cascade |drop table if exists feed_image cascade 
1756304953450|0|statement|connection 1077|url jdbc:h2:mem:testdb|drop table if exists feed_like cascade |drop table if exists feed_like cascade 
1756304953450|0|statement|connection 1077|url jdbc:h2:mem:testdb|drop table if exists interest cascade |drop table if exists interest cascade 
1756304953450|0|statement|connection 1077|url jdbc:h2:mem:testdb|drop table if exists message cascade |drop table if exists message cascade 
1756304953450|0|statement|connection 1077|url jdbc:h2:mem:testdb|drop table if exists notification cascade |drop table if exists notification cascade 
1756304953450|0|statement|connection 1077|url jdbc:h2:mem:testdb|drop table if exists notification_type cascade |drop table if exists notification_type cascade 
1756304953450|0|statement|connection 1077|url jdbc:h2:mem:testdb|drop table if exists payment cascade |drop table if exists payment cascade 
1756304953450|0|statement|connection 1077|url jdbc:h2:mem:testdb|drop table if exists schedule cascade |drop table if exists schedule cascade 
1756304953450|0|statement|connection 1077|url jdbc:h2:mem:testdb|drop table if exists settlement cascade |drop table if exists settlement cascade 
1756304953450|0|statement|connection 1077|url jdbc:h2:mem:testdb|drop table if exists transfer cascade |drop table if exists transfer cascade 
1756304953450|0|statement|connection 1077|url jdbc:h2:mem:testdb|drop table if exists "user" cascade |drop table if exists "user" cascade 
1756304953450|0|statement|connection 1077|url jdbc:h2:mem:testdb|drop table if exists user_chat_room cascade |drop table if exists user_chat_room cascade 
1756304953450|0|statement|connection 1077|url jdbc:h2:mem:testdb|drop table if exists user_club cascade |drop table if exists user_club cascade 
1756304953450|0|statement|connection 1077|url jdbc:h2:mem:testdb|drop table if exists user_schedule cascade |drop table if exists user_schedule cascade 
1756304953450|0|statement|connection 1077|url jdbc:h2:mem:testdb|drop table if exists user_settlement cascade |drop table if exists user_settlement cascade 
1756304953450|0|statement|connection 1077|url jdbc:h2:mem:testdb|drop table if exists user_interest cascade |drop table if exists user_interest cascade 
1756304953450|0|statement|connection 1077|url jdbc:h2:mem:testdb|drop table if exists wallet cascade |drop table if exists wallet cascade 
1756304953450|0|statement|connection 1077|url jdbc:h2:mem:testdb|drop table if exists wallet_transaction cascade |drop table if exists wallet_transaction cascade 
1756304963463|0|statement|connection 1078|url jdbc:h2:mem:testdb|drop table if exists chat_room cascade |drop table if exists chat_room cascade 
1756304963463|0|statement|connection 1078|url jdbc:h2:mem:testdb|drop table if exists club cascade |drop table if exists club cascade 
1756304963463|0|statement|connection 1078|url jdbc:h2:mem:testdb|drop table if exists club_like cascade |drop table if exists club_like cascade 
1756304963463|0|statement|connection 1078|url jdbc:h2:mem:testdb|drop table if exists feed cascade |drop table if exists feed cascade 
1756304963463|0|statement|connection 1078|url jdbc:h2:mem:testdb|drop table if exists feed_comment cascade |drop table if exists feed_comment cascade 
1756304963463|0|statement|connection 1078|url jdbc:h2:mem:testdb|drop table if exists feed_image cascade |drop table if exists feed_image cascade 
1756304963463|0|statement|connection 1078|url jdbc:h2:mem:testdb|drop table if exists feed_like cascade |drop table if exists feed_like cascade 
1756304963463|0|statement|connection 1078|url jdbc:h2:mem:testdb|drop table if exists interest cascade |drop table if exists interest cascade 
1756304963463|0|statement|connection 1078|url jdbc:h2:mem:testdb|drop table if exists message cascade |drop table if exists message cascade 
1756304963463|0|statement|connection 1078|url jdbc:h2:mem:testdb|drop table if exists notification cascade |drop table if exists notification cascade 
1756304963463|0|statement|connection 1078|url jdbc:h2:mem:testdb|drop table if exists notification_type cascade |drop table if exists notification_type cascade 
1756304963463|0|statement|connection 1078|url jdbc:h2:mem:testdb|drop table if exists payment cascade |drop table if exists payment cascade 
1756304963463|0|statement|connection 1078|url jdbc:h2:mem:testdb|drop table if exists schedule cascade |drop table if exists schedule cascade 
1756304963463|0|statement|connection 1078|url jdbc:h2:mem:testdb|drop table if exists settlement cascade |drop table if exists settlement cascade 
1756304963463|0|statement|connection 1078|url jdbc:h2:mem:testdb|drop table if exists transfer cascade |drop table if exists transfer cascade 
1756304963463|0|statement|connection 1078|url jdbc:h2:mem:testdb|drop table if exists "user" cascade |drop table if exists "user" cascade 
1756304963463|0|statement|connection 1078|url jdbc:h2:mem:testdb|drop table if exists user_chat_room cascade |drop table if exists user_chat_room cascade 
1756304963463|0|statement|connection 1078|url jdbc:h2:mem:testdb|drop table if exists user_club cascade |drop table if exists user_club cascade 
1756304963463|0|statement|connection 1078|url jdbc:h2:mem:testdb|drop table if exists user_schedule cascade |drop table if exists user_schedule cascade 
1756304963463|0|statement|connection 1078|url jdbc:h2:mem:testdb|drop table if exists user_settlement cascade |drop table if exists user_settlement cascade 
1756304963463|0|statement|connection 1078|url jdbc:h2:mem:testdb|drop table if exists user_interest cascade |drop table if exists user_interest cascade 
1756304963463|0|statement|connection 1078|url jdbc:h2:mem:testdb|drop table if exists wallet cascade |drop table if exists wallet cascade 
1756304963463|0|statement|connection 1078|url jdbc:h2:mem:testdb|drop table if exists wallet_transaction cascade |drop table if exists wallet_transaction cascade 
1756305374873|0|statement|connection 1075|url jdbc:h2:mem:c86b720c-6435-4eb5-98ad-27697f04c336|drop table if exists chat_room cascade |drop table if exists chat_room cascade 
1756305374877|0|statement|connection 1075|url jdbc:h2:mem:c86b720c-6435-4eb5-98ad-27697f04c336|drop table if exists club cascade |drop table if exists club cascade 
1756305374878|1|statement|connection 1075|url jdbc:h2:mem:c86b720c-6435-4eb5-98ad-27697f04c336|drop table if exists club_like cascade |drop table if exists club_like cascade 
1756305374879|0|statement|connection 1075|url jdbc:h2:mem:c86b720c-6435-4eb5-98ad-27697f04c336|drop table if exists feed cascade |drop table if exists feed cascade 
1756305374879|0|statement|connection 1075|url jdbc:h2:mem:c86b720c-6435-4eb5-98ad-27697f04c336|drop table if exists feed_comment cascade |drop table if exists feed_comment cascade 
1756305374880|0|statement|connection 1075|url jdbc:h2:mem:c86b720c-6435-4eb5-98ad-27697f04c336|drop table if exists feed_image cascade |drop table if exists feed_image cascade 
1756305374880|0|statement|connection 1075|url jdbc:h2:mem:c86b720c-6435-4eb5-98ad-27697f04c336|drop table if exists feed_like cascade |drop table if exists feed_like cascade 
1756305374880|0|statement|connection 1075|url jdbc:h2:mem:c86b720c-6435-4eb5-98ad-27697f04c336|drop table if exists interest cascade |drop table if exists interest cascade 
1756305374880|0|statement|connection 1075|url jdbc:h2:mem:c86b720c-6435-4eb5-98ad-27697f04c336|drop table if exists message cascade |drop table if exists message cascade 
1756305374880|0|statement|connection 1075|url jdbc:h2:mem:c86b720c-6435-4eb5-98ad-27697f04c336|drop table if exists notification cascade |drop table if exists notification cascade 
1756305374881|0|statement|connection 1075|url jdbc:h2:mem:c86b720c-6435-4eb5-98ad-27697f04c336|drop table if exists notification_type cascade |drop table if exists notification_type cascade 
1756305374881|0|statement|connection 1075|url jdbc:h2:mem:c86b720c-6435-4eb5-98ad-27697f04c336|drop table if exists payment cascade |drop table if exists payment cascade 
1756305374881|0|statement|connection 1075|url jdbc:h2:mem:c86b720c-6435-4eb5-98ad-27697f04c336|drop table if exists schedule cascade |drop table if exists schedule cascade 
1756305374881|0|statement|connection 1075|url jdbc:h2:mem:c86b720c-6435-4eb5-98ad-27697f04c336|drop table if exists settlement cascade |drop table if exists settlement cascade 
1756305374881|0|statement|connection 1075|url jdbc:h2:mem:c86b720c-6435-4eb5-98ad-27697f04c336|drop table if exists transfer cascade |drop table if exists transfer cascade 
1756305374881|0|statement|connection 1075|url jdbc:h2:mem:c86b720c-6435-4eb5-98ad-27697f04c336|drop table if exists "user" cascade |drop table if exists "user" cascade 
1756305374881|0|statement|connection 1075|url jdbc:h2:mem:c86b720c-6435-4eb5-98ad-27697f04c336|drop table if exists user_chat_room cascade |drop table if exists user_chat_room cascade 
1756305374881|0|statement|connection 1075|url jdbc:h2:mem:c86b720c-6435-4eb5-98ad-27697f04c336|drop table if exists user_club cascade |drop table if exists user_club cascade 
1756305374881|0|statement|connection 1075|url jdbc:h2:mem:c86b720c-6435-4eb5-98ad-27697f04c336|drop table if exists user_schedule cascade |drop table if exists user_schedule cascade 
1756305374881|0|statement|connection 1075|url jdbc:h2:mem:c86b720c-6435-4eb5-98ad-27697f04c336|drop table if exists user_settlement cascade |drop table if exists user_settlement cascade 
1756305374883|0|statement|connection 1075|url jdbc:h2:mem:c86b720c-6435-4eb5-98ad-27697f04c336|drop table if exists user_interest cascade |drop table if exists user_interest cascade 
1756305374883|0|statement|connection 1075|url jdbc:h2:mem:c86b720c-6435-4eb5-98ad-27697f04c336|drop table if exists wallet cascade |drop table if exists wallet cascade 
1756305374884|0|statement|connection 1075|url jdbc:h2:mem:c86b720c-6435-4eb5-98ad-27697f04c336|drop table if exists wallet_transaction cascade |drop table if exists wallet_transaction cascade 
1756305384912|0|statement|connection 1076|url jdbc:h2:mem:testdb|drop table if exists chat_room cascade |drop table if exists chat_room cascade 
1756305384912|0|statement|connection 1076|url jdbc:h2:mem:testdb|drop table if exists club cascade |drop table if exists club cascade 
1756305384912|0|statement|connection 1076|url jdbc:h2:mem:testdb|drop table if exists club_like cascade |drop table if exists club_like cascade 
1756305384912|0|statement|connection 1076|url jdbc:h2:mem:testdb|drop table if exists feed cascade |drop table if exists feed cascade 
1756305384912|0|statement|connection 1076|url jdbc:h2:mem:testdb|drop table if exists feed_comment cascade |drop table if exists feed_comment cascade 
1756305384912|0|statement|connection 1076|url jdbc:h2:mem:testdb|drop table if exists feed_image cascade |drop table if exists feed_image cascade 
1756305384912|0|statement|connection 1076|url jdbc:h2:mem:testdb|drop table if exists feed_like cascade |drop table if exists feed_like cascade 
1756305384912|0|statement|connection 1076|url jdbc:h2:mem:testdb|drop table if exists interest cascade |drop table if exists interest cascade 
1756305384912|0|statement|connection 1076|url jdbc:h2:mem:testdb|drop table if exists message cascade |drop table if exists message cascade 
1756305384912|0|statement|connection 1076|url jdbc:h2:mem:testdb|drop table if exists notification cascade |drop table if exists notification cascade 
1756305384912|0|statement|connection 1076|url jdbc:h2:mem:testdb|drop table if exists notification_type cascade |drop table if exists notification_type cascade 
1756305384912|0|statement|connection 1076|url jdbc:h2:mem:testdb|drop table if exists payment cascade |drop table if exists payment cascade 
1756305384912|0|statement|connection 1076|url jdbc:h2:mem:testdb|drop table if exists schedule cascade |drop table if exists schedule cascade 
1756305384912|0|statement|connection 1076|url jdbc:h2:mem:testdb|drop table if exists settlement cascade |drop table if exists settlement cascade 
1756305384912|0|statement|connection 1076|url jdbc:h2:mem:testdb|drop table if exists transfer cascade |drop table if exists transfer cascade 
1756305384912|0|statement|connection 1076|url jdbc:h2:mem:testdb|drop table if exists "user" cascade |drop table if exists "user" cascade 
1756305384912|0|statement|connection 1076|url jdbc:h2:mem:testdb|drop table if exists user_chat_room cascade |drop table if exists user_chat_room cascade 
1756305384913|0|statement|connection 1076|url jdbc:h2:mem:testdb|drop table if exists user_club cascade |drop table if exists user_club cascade 
1756305384913|0|statement|connection 1076|url jdbc:h2:mem:testdb|drop table if exists user_schedule cascade |drop table if exists user_schedule cascade 
1756305384913|0|statement|connection 1076|url jdbc:h2:mem:testdb|drop table if exists user_settlement cascade |drop table if exists user_settlement cascade 
1756305384913|0|statement|connection 1076|url jdbc:h2:mem:testdb|drop table if exists user_interest cascade |drop table if exists user_interest cascade 
1756305384913|0|statement|connection 1076|url jdbc:h2:mem:testdb|drop table if exists wallet cascade |drop table if exists wallet cascade 
1756305384913|0|statement|connection 1076|url jdbc:h2:mem:testdb|drop table if exists wallet_transaction cascade |drop table if exists wallet_transaction cascade 
1756305384923|0|statement|connection 1077|url jdbc:h2:mem:testdb|drop table if exists chat_room cascade |drop table if exists chat_room cascade 
1756305384924|0|statement|connection 1077|url jdbc:h2:mem:testdb|drop table if exists club cascade |drop table if exists club cascade 
1756305384924|0|statement|connection 1077|url jdbc:h2:mem:testdb|drop table if exists club_like cascade |drop table if exists club_like cascade 
1756305384924|0|statement|connection 1077|url jdbc:h2:mem:testdb|drop table if exists feed cascade |drop table if exists feed cascade 
1756305384924|0|statement|connection 1077|url jdbc:h2:mem:testdb|drop table if exists feed_comment cascade |drop table if exists feed_comment cascade 
1756305384924|0|statement|connection 1077|url jdbc:h2:mem:testdb|drop table if exists feed_image cascade |drop table if exists feed_image cascade 
1756305384924|0|statement|connection 1077|url jdbc:h2:mem:testdb|drop table if exists feed_like cascade |drop table if exists feed_like cascade 
1756305384924|0|statement|connection 1077|url jdbc:h2:mem:testdb|drop table if exists interest cascade |drop table if exists interest cascade 
1756305384924|0|statement|connection 1077|url jdbc:h2:mem:testdb|drop table if exists message cascade |drop table if exists message cascade 
1756305384924|0|statement|connection 1077|url jdbc:h2:mem:testdb|drop table if exists notification cascade |drop table if exists notification cascade 
1756305384924|0|statement|connection 1077|url jdbc:h2:mem:testdb|drop table if exists notification_type cascade |drop table if exists notification_type cascade 
1756305384924|0|statement|connection 1077|url jdbc:h2:mem:testdb|drop table if exists payment cascade |drop table if exists payment cascade 
1756305384924|0|statement|connection 1077|url jdbc:h2:mem:testdb|drop table if exists schedule cascade |drop table if exists schedule cascade 
1756305384924|0|statement|connection 1077|url jdbc:h2:mem:testdb|drop table if exists settlement cascade |drop table if exists settlement cascade 
1756305384924|0|statement|connection 1077|url jdbc:h2:mem:testdb|drop table if exists transfer cascade |drop table if exists transfer cascade 
1756305384924|0|statement|connection 1077|url jdbc:h2:mem:testdb|drop table if exists "user" cascade |drop table if exists "user" cascade 
1756305384924|0|statement|connection 1077|url jdbc:h2:mem:testdb|drop table if exists user_chat_room cascade |drop table if exists user_chat_room cascade 
1756305384924|0|statement|connection 1077|url jdbc:h2:mem:testdb|drop table if exists user_club cascade |drop table if exists user_club cascade 
1756305384924|0|statement|connection 1077|url jdbc:h2:mem:testdb|drop table if exists user_schedule cascade |drop table if exists user_schedule cascade 
1756305384924|0|statement|connection 1077|url jdbc:h2:mem:testdb|drop table if exists user_settlement cascade |drop table if exists user_settlement cascade 
1756305384924|0|statement|connection 1077|url jdbc:h2:mem:testdb|drop table if exists user_interest cascade |drop table if exists user_interest cascade 
1756305384924|0|statement|connection 1077|url jdbc:h2:mem:testdb|drop table if exists wallet cascade |drop table if exists wallet cascade 
1756305384924|0|statement|connection 1077|url jdbc:h2:mem:testdb|drop table if exists wallet_transaction cascade |drop table if exists wallet_transaction cascade 
1756305394939|0|statement|connection 1078|url jdbc:h2:mem:testdb|drop table if exists chat_room cascade |drop table if exists chat_room cascade 
1756305394939|0|statement|connection 1078|url jdbc:h2:mem:testdb|drop table if exists club cascade |drop table if exists club cascade 
1756305394939|0|statement|connection 1078|url jdbc:h2:mem:testdb|drop table if exists club_like cascade |drop table if exists club_like cascade 
1756305394939|0|statement|connection 1078|url jdbc:h2:mem:testdb|drop table if exists feed cascade |drop table if exists feed cascade 
1756305394939|0|statement|connection 1078|url jdbc:h2:mem:testdb|drop table if exists feed_comment cascade |drop table if exists feed_comment cascade 
1756305394939|0|statement|connection 1078|url jdbc:h2:mem:testdb|drop table if exists feed_image cascade |drop table if exists feed_image cascade 
1756305394939|0|statement|connection 1078|url jdbc:h2:mem:testdb|drop table if exists feed_like cascade |drop table if exists feed_like cascade 
1756305394939|0|statement|connection 1078|url jdbc:h2:mem:testdb|drop table if exists interest cascade |drop table if exists interest cascade 
1756305394939|0|statement|connection 1078|url jdbc:h2:mem:testdb|drop table if exists message cascade |drop table if exists message cascade 
1756305394939|0|statement|connection 1078|url jdbc:h2:mem:testdb|drop table if exists notification cascade |drop table if exists notification cascade 
1756305394939|0|statement|connection 1078|url jdbc:h2:mem:testdb|drop table if exists notification_type cascade |drop table if exists notification_type cascade 
1756305394939|0|statement|connection 1078|url jdbc:h2:mem:testdb|drop table if exists payment cascade |drop table if exists payment cascade 
1756305394939|0|statement|connection 1078|url jdbc:h2:mem:testdb|drop table if exists schedule cascade |drop table if exists schedule cascade 
1756305394939|0|statement|connection 1078|url jdbc:h2:mem:testdb|drop table if exists settlement cascade |drop table if exists settlement cascade 
1756305394939|0|statement|connection 1078|url jdbc:h2:mem:testdb|drop table if exists transfer cascade |drop table if exists transfer cascade 
1756305394939|0|statement|connection 1078|url jdbc:h2:mem:testdb|drop table if exists "user" cascade |drop table if exists "user" cascade 
1756305394939|0|statement|connection 1078|url jdbc:h2:mem:testdb|drop table if exists user_chat_room cascade |drop table if exists user_chat_room cascade 
1756305394939|0|statement|connection 1078|url jdbc:h2:mem:testdb|drop table if exists user_club cascade |drop table if exists user_club cascade 
1756305394939|0|statement|connection 1078|url jdbc:h2:mem:testdb|drop table if exists user_schedule cascade |drop table if exists user_schedule cascade 
1756305394939|0|statement|connection 1078|url jdbc:h2:mem:testdb|drop table if exists user_settlement cascade |drop table if exists user_settlement cascade 
1756305394939|0|statement|connection 1078|url jdbc:h2:mem:testdb|drop table if exists user_interest cascade |drop table if exists user_interest cascade 
1756305394939|0|statement|connection 1078|url jdbc:h2:mem:testdb|drop table if exists wallet cascade |drop table if exists wallet cascade 
1756305394939|0|statement|connection 1078|url jdbc:h2:mem:testdb|drop table if exists wallet_transaction cascade |drop table if exists wallet_transaction cascade 
1756305404953|0|statement|connection 1079|url jdbc:h2:mem:testdb|drop table if exists chat_room cascade |drop table if exists chat_room cascade 
1756305404954|0|statement|connection 1079|url jdbc:h2:mem:testdb|drop table if exists club cascade |drop table if exists club cascade 
1756305404954|0|statement|connection 1079|url jdbc:h2:mem:testdb|drop table if exists club_like cascade |drop table if exists club_like cascade 
1756305404954|0|statement|connection 1079|url jdbc:h2:mem:testdb|drop table if exists feed cascade |drop table if exists feed cascade 
1756305404954|0|statement|connection 1079|url jdbc:h2:mem:testdb|drop table if exists feed_comment cascade |drop table if exists feed_comment cascade 
1756305404954|0|statement|connection 1079|url jdbc:h2:mem:testdb|drop table if exists feed_image cascade |drop table if exists feed_image cascade 
1756305404954|0|statement|connection 1079|url jdbc:h2:mem:testdb|drop table if exists feed_like cascade |drop table if exists feed_like cascade 
1756305404954|0|statement|connection 1079|url jdbc:h2:mem:testdb|drop table if exists interest cascade |drop table if exists interest cascade 
1756305404954|0|statement|connection 1079|url jdbc:h2:mem:testdb|drop table if exists message cascade |drop table if exists message cascade 
1756305404954|0|statement|connection 1079|url jdbc:h2:mem:testdb|drop table if exists notification cascade |drop table if exists notification cascade 
1756305404954|0|statement|connection 1079|url jdbc:h2:mem:testdb|drop table if exists notification_type cascade |drop table if exists notification_type cascade 
1756305404954|0|statement|connection 1079|url jdbc:h2:mem:testdb|drop table if exists payment cascade |drop table if exists payment cascade 
1756305404954|0|statement|connection 1079|url jdbc:h2:mem:testdb|drop table if exists schedule cascade |drop table if exists schedule cascade 
1756305404954|0|statement|connection 1079|url jdbc:h2:mem:testdb|drop table if exists settlement cascade |drop table if exists settlement cascade 
1756305404954|0|statement|connection 1079|url jdbc:h2:mem:testdb|drop table if exists transfer cascade |drop table if exists transfer cascade 
1756305404954|0|statement|connection 1079|url jdbc:h2:mem:testdb|drop table if exists "user" cascade |drop table if exists "user" cascade 
1756305404954|0|statement|connection 1079|url jdbc:h2:mem:testdb|drop table if exists user_chat_room cascade |drop table if exists user_chat_room cascade 
1756305404954|0|statement|connection 1079|url jdbc:h2:mem:testdb|drop table if exists user_club cascade |drop table if exists user_club cascade 
1756305404954|0|statement|connection 1079|url jdbc:h2:mem:testdb|drop table if exists user_schedule cascade |drop table if exists user_schedule cascade 
1756305404954|0|statement|connection 1079|url jdbc:h2:mem:testdb|drop table if exists user_settlement cascade |drop table if exists user_settlement cascade 
1756305404954|0|statement|connection 1079|url jdbc:h2:mem:testdb|drop table if exists user_interest cascade |drop table if exists user_interest cascade 
1756305404954|0|statement|connection 1079|url jdbc:h2:mem:testdb|drop table if exists wallet cascade |drop table if exists wallet cascade 
1756305404954|0|statement|connection 1079|url jdbc:h2:mem:testdb|drop table if exists wallet_transaction cascade |drop table if exists wallet_transaction cascade 
1756711373008|0|statement|connection 52|url jdbc:h2:mem:e1413b43-b9e9-4b09-91de-7ec9623f8099|drop table if exists chat_room cascade |drop table if exists chat_room cascade 
1756711373009|0|statement|connection 52|url jdbc:h2:mem:e1413b43-b9e9-4b09-91de-7ec9623f8099|drop table if exists club cascade |drop table if exists club cascade 
1756711373010|0|statement|connection 52|url jdbc:h2:mem:e1413b43-b9e9-4b09-91de-7ec9623f8099|drop table if exists club_like cascade |drop table if exists club_like cascade 
1756711373010|0|statement|connection 52|url jdbc:h2:mem:e1413b43-b9e9-4b09-91de-7ec9623f8099|drop table if exists feed cascade |drop table if exists feed cascade 
1756711373010|0|statement|connection 52|url jdbc:h2:mem:e1413b43-b9e9-4b09-91de-7ec9623f8099|drop table if exists feed_comment cascade |drop table if exists feed_comment cascade 
1756711373010|0|statement|connection 52|url jdbc:h2:mem:e1413b43-b9e9-4b09-91de-7ec9623f8099|drop table if exists feed_image cascade |drop table if exists feed_image cascade 
1756711373010|0|statement|connection 52|url jdbc:h2:mem:e1413b43-b9e9-4b09-91de-7ec9623f8099|drop table if exists feed_like cascade |drop table if exists feed_like cascade 
1756711373010|0|statement|connection 52|url jdbc:h2:mem:e1413b43-b9e9-4b09-91de-7ec9623f8099|drop table if exists interest cascade |drop table if exists interest cascade 
1756711373010|0|statement|connection 52|url jdbc:h2:mem:e1413b43-b9e9-4b09-91de-7ec9623f8099|drop table if exists message cascade |drop table if exists message cascade 
1756711373011|0|statement|connection 52|url jdbc:h2:mem:e1413b43-b9e9-4b09-91de-7ec9623f8099|drop table if exists notification cascade |drop table if exists notification cascade 
1756711373011|0|statement|connection 52|url jdbc:h2:mem:e1413b43-b9e9-4b09-91de-7ec9623f8099|drop table if exists notification_type cascade |drop table if exists notification_type cascade 
1756711373011|0|statement|connection 52|url jdbc:h2:mem:e1413b43-b9e9-4b09-91de-7ec9623f8099|drop table if exists payment cascade |drop table if exists payment cascade 
1756711373011|0|statement|connection 52|url jdbc:h2:mem:e1413b43-b9e9-4b09-91de-7ec9623f8099|drop table if exists schedule cascade |drop table if exists schedule cascade 
1756711373011|0|statement|connection 52|url jdbc:h2:mem:e1413b43-b9e9-4b09-91de-7ec9623f8099|drop table if exists settlement cascade |drop table if exists settlement cascade 
1756711373011|0|statement|connection 52|url jdbc:h2:mem:e1413b43-b9e9-4b09-91de-7ec9623f8099|drop table if exists transfer cascade |drop table if exists transfer cascade 
1756711373011|0|statement|connection 52|url jdbc:h2:mem:e1413b43-b9e9-4b09-91de-7ec9623f8099|drop table if exists "user" cascade |drop table if exists "user" cascade 
1756711373011|0|statement|connection 52|url jdbc:h2:mem:e1413b43-b9e9-4b09-91de-7ec9623f8099|drop table if exists user_chat_room cascade |drop table if exists user_chat_room cascade 
1756711373011|0|statement|connection 52|url jdbc:h2:mem:e1413b43-b9e9-4b09-91de-7ec9623f8099|drop table if exists user_club cascade |drop table if exists user_club cascade 
1756711373011|0|statement|connection 52|url jdbc:h2:mem:e1413b43-b9e9-4b09-91de-7ec9623f8099|drop table if exists user_interest cascade |drop table if exists user_interest cascade 
1756711373011|0|statement|connection 52|url jdbc:h2:mem:e1413b43-b9e9-4b09-91de-7ec9623f8099|drop table if exists user_schedule cascade |drop table if exists user_schedule cascade 
1756711373011|0|statement|connection 52|url jdbc:h2:mem:e1413b43-b9e9-4b09-91de-7ec9623f8099|drop table if exists user_settlement cascade |drop table if exists user_settlement cascade 
1756711373012|0|statement|connection 52|url jdbc:h2:mem:e1413b43-b9e9-4b09-91de-7ec9623f8099|drop table if exists wallet cascade |drop table if exists wallet cascade 
1756711373012|0|statement|connection 52|url jdbc:h2:mem:e1413b43-b9e9-4b09-91de-7ec9623f8099|drop table if exists wallet_transaction cascade |drop table if exists wallet_transaction cascade 
1756711373023|0|statement|connection 53|url jdbc:h2:mem:testdb|drop table if exists chat_room cascade |drop table if exists chat_room cascade 
1756711373023|0|statement|connection 53|url jdbc:h2:mem:testdb|drop table if exists club cascade |drop table if exists club cascade 
1756711373023|0|statement|connection 53|url jdbc:h2:mem:testdb|drop table if exists club_like cascade |drop table if exists club_like cascade 
1756711373023|0|statement|connection 53|url jdbc:h2:mem:testdb|drop table if exists feed cascade |drop table if exists feed cascade 
1756711373023|0|statement|connection 53|url jdbc:h2:mem:testdb|drop table if exists feed_comment cascade |drop table if exists feed_comment cascade 
1756711373023|0|statement|connection 53|url jdbc:h2:mem:testdb|drop table if exists feed_image cascade |drop table if exists feed_image cascade 
1756711373023|0|statement|connection 53|url jdbc:h2:mem:testdb|drop table if exists feed_like cascade |drop table if exists feed_like cascade 
1756711373023|0|statement|connection 53|url jdbc:h2:mem:testdb|drop table if exists interest cascade |drop table if exists interest cascade 
1756711373023|0|statement|connection 53|url jdbc:h2:mem:testdb|drop table if exists message cascade |drop table if exists message cascade 
1756711373023|0|statement|connection 53|url jdbc:h2:mem:testdb|drop table if exists notification cascade |drop table if exists notification cascade 
1756711373023|0|statement|connection 53|url jdbc:h2:mem:testdb|drop table if exists notification_type cascade |drop table if exists notification_type cascade 
1756711373023|0|statement|connection 53|url jdbc:h2:mem:testdb|drop table if exists payment cascade |drop table if exists payment cascade 
1756711373023|0|statement|connection 53|url jdbc:h2:mem:testdb|drop table if exists schedule cascade |drop table if exists schedule cascade 
1756711373023|0|statement|connection 53|url jdbc:h2:mem:testdb|drop table if exists settlement cascade |drop table if exists settlement cascade 
1756711373023|0|statement|connection 53|url jdbc:h2:mem:testdb|drop table if exists transfer cascade |drop table if exists transfer cascade 
1756711373023|0|statement|connection 53|url jdbc:h2:mem:testdb|drop table if exists "user" cascade |drop table if exists "user" cascade 
1756711373023|0|statement|connection 53|url jdbc:h2:mem:testdb|drop table if exists user_chat_room cascade |drop table if exists user_chat_room cascade 
1756711373023|0|statement|connection 53|url jdbc:h2:mem:testdb|drop table if exists user_club cascade |drop table if exists user_club cascade 
1756711373023|0|statement|connection 53|url jdbc:h2:mem:testdb|drop table if exists user_interest cascade |drop table if exists user_interest cascade 
1756711373023|0|statement|connection 53|url jdbc:h2:mem:testdb|drop table if exists user_schedule cascade |drop table if exists user_schedule cascade 
1756711373023|0|statement|connection 53|url jdbc:h2:mem:testdb|drop table if exists user_settlement cascade |drop table if exists user_settlement cascade 
1756711373023|0|statement|connection 53|url jdbc:h2:mem:testdb|drop table if exists wallet cascade |drop table if exists wallet cascade 
1756711373023|0|statement|connection 53|url jdbc:h2:mem:testdb|drop table if exists wallet_transaction cascade |drop table if exists wallet_transaction cascade 
